Godot Engine v4.3.stable.official.77dcf97d8 - https://godotengine.org

══════════ Infinite Fission · 包 2 实体基座自测 ══════════
SCRIPT ERROR: Parse Error: Identifier "enemy" not declared in the current scope.
          at: GDScript::reload (res://tests/runner/pkg2_cases.gd:480)
SCRIPT ERROR: Parse Error: Identifier "enemy" not declared in the current scope.
          at: GDScript::reload (res://tests/runner/pkg2_cases.gd:480)
ERROR: Failed to load script "res://tests/runner/pkg2_cases.gd" with error "Parse error".
   at: load (modules/gdscript/gdscript.cpp:2936)
SCRIPT ERROR: Invalid call. Nonexistent function 'new' in base 'GDScript'.
          at: _run (res://tests/runner/test_pkg2.gd:23)
ERROR: BUG: Unreferenced static string to 0: .
   at: unref (core/string/string_name.cpp:127)
ERROR: BUG: Unreferenced static string to 0: @export_range
   at: unref (core/string/string_name.cpp:129)
ERROR: BUG: Unreferenced static string to 0: @export_multiline
   at: unref (core/string/string_name.cpp:129)
ERROR: BUG: Unreferenced static string to 0: @export_enum
   at: unref (core/string/string_name.cpp:129)
ERROR: BUG: Unreferenced static string to 0: @export_node_path
   at: unref (core/string/string_name.cpp:129)
ERROR: BUG: Unreferenced static string to 0: @export
   at: unref (core/string/string_name.cpp:129)
ERROR: BUG: Unreferenced static string to 0: @export_flags
   at: unref (core/string/string_name.cpp:129)
ERROR: BUG: Unreferenced static string to 0: @export_placeholder
   at: unref (core/string/string_name.cpp:129)
ERROR: BUG: Unreferenced static string to 0: @warning_ignore
   at: unref (core/string/string_name.cpp:129)
ERROR: BUG: Unreferenced static string to 0: @icon
   at: unref (core/string/string_name.cpp:129)
WARNING: A Thread object is being destroyed without its completion having been realized.
Please call wait_to_finish() on it to ensure correct cleanup.
     at: ~Thread (core/os/thread.cpp:105)
ERROR: Pages in use exist at exit in PagedAllocator: N7Variant5Pools11BucketLargeE
   at: ~PagedAllocator (./core/templates/paged_allocator.h:170)
